Java HotSpot(TM) 64-Bit Server VM (25.91-b14) for bsd-amd64 JRE (1.8.0_91-b14), built on Apr  1 2016 01:03:00 by "java_re" with gcc 4.2.1 (Based on Apple Inc. build 5658) (LLVM build 2336.11.00)
Memory: 4k page, physical 8388608k(2630524k free)

/proc/meminfo:

CommandLine flags: -XX:+DisableExplicitGC -XX:InitialHeapSize=1073741824 -XX:InitiatingHeapOccupancyPercent=35 -XX:+ManagementServer -XX:MaxGCPauseMillis=20 -XX:MaxHeapSize=1073741824 -XX:+PrintGC -XX:+PrintGCDateStamps -XX:+PrintGCDetails -XX:+PrintGCTimeStamps -XX:+UseCompressedClassPointers -XX:+UseCompressedOops -XX:+UseG1GC 
2016-04-26T14:20:21.495-0800: 1.017: [GC pause (G1 Evacuation Pause) (young), 0.0088645 secs]
   [Parallel Time: 5.0 ms, GC Workers: 4]
      [GC Worker Start (ms): Min: 1017.0, Avg: 1017.0, Max: 1017.0, Diff: 0.0]
      [Ext Root Scanning (ms): Min: 0.8, Avg: 1.1, Max: 1.5, Diff: 0.8, Sum: 4.3]
      [Update RS (ms): Min: 0.0, Avg: 0.0, Max: 0.0, Diff: 0.0, Sum: 0.0]
         [Processed Buffers: Min: 0, Avg: 0.0, Max: 0, Diff: 0, Sum: 0]
      [Scan RS (ms): Min: 0.0, Avg: 0.0, Max: 0.0, Diff: 0.0, Sum: 0.0]
      [Code Root Scanning (ms): Min: 0.0, Avg: 0.2, Max: 0.4, Diff: 0.4, Sum: 0.8]
      [Object Copy (ms): Min: 3.4, Avg: 3.6, Max: 3.8, Diff: 0.4, Sum: 14.5]
      [Termination (ms): Min: 0.0, Avg: 0.0, Max: 0.0, Diff: 0.0, Sum: 0.0]
         [Termination Attempts: Min: 1, Avg: 4.5, Max: 8, Diff: 7, Sum: 18]
      [GC Worker Other (ms): Min: 0.0, Avg: 0.0, Max: 0.0, Diff: 0.0, Sum: 0.1]
      [GC Worker Total (ms): Min: 4.9, Avg: 4.9, Max: 5.0, Diff: 0.0, Sum: 19.8]
      [GC Worker End (ms): Min: 1021.9, Avg: 1021.9, Max: 1022.0, Diff: 0.0]
   [Code Root Fixup: 0.1 ms]
   [Code Root Purge: 0.0 ms]
   [Clear CT: 0.1 ms]
   [Other: 3.6 ms]
      [Choose CSet: 0.0 ms]
      [Ref Proc: 3.3 ms]
      [Ref Enq: 0.0 ms]
      [Redirty Cards: 0.0 ms]
      [Humongous Register: 0.0 ms]
      [Humongous Reclaim: 0.0 ms]
      [Free CSet: 0.1 ms]
   [Eden: 51.0M(51.0M)->0.0B(44.0M) Survivors: 0.0B->7168.0K Heap: 179.0M(1024.0M)->136.5M(1024.0M)]
 [Times: user=0.02 sys=0.01, real=0.01 secs] 
2016-04-26T14:23:55.489-0800: 215.005: [GC pause (G1 Evacuation Pause) (young), 0.0133827 secs]
   [Parallel Time: 10.1 ms, GC Workers: 4]
      [GC Worker Start (ms): Min: 215005.1, Avg: 215005.2, Max: 215005.2, Diff: 0.0]
      [Ext Root Scanning (ms): Min: 0.7, Avg: 1.1, Max: 1.6, Diff: 0.9, Sum: 4.4]
      [Update RS (ms): Min: 0.0, Avg: 0.1, Max: 0.3, Diff: 0.3, Sum: 0.4]
         [Processed Buffers: Min: 0, Avg: 0.5, Max: 1, Diff: 1, Sum: 2]
      [Scan RS (ms): Min: 0.0, Avg: 0.0, Max: 0.0, Diff: 0.0, Sum: 0.0]
      [Code Root Scanning (ms): Min: 0.0, Avg: 2.6, Max: 8.7, Diff: 8.6, Sum: 10.5]
      [Object Copy (ms): Min: 0.0, Avg: 6.1, Max: 8.8, Diff: 8.8, Sum: 24.4]
      [Termination (ms): Min: 0.0, Avg: 0.1, Max: 0.2, Diff: 0.2, Sum: 0.4]
         [Termination Attempts: Min: 1, Avg: 1.0, Max: 1, Diff: 0, Sum: 4]
      [GC Worker Other (ms): Min: 0.0, Avg: 0.0, Max: 0.0, Diff: 0.0, Sum: 0.0]
      [GC Worker Total (ms): Min: 10.0, Avg: 10.0, Max: 10.1, Diff: 0.1, Sum: 40.1]
      [GC Worker End (ms): Min: 215015.2, Avg: 215015.2, Max: 215015.2, Diff: 0.0]
   [Code Root Fixup: 0.5 ms]
   [Code Root Purge: 0.0 ms]
   [Clear CT: 0.1 ms]
   [Other: 2.7 ms]
      [Choose CSet: 0.0 ms]
      [Ref Proc: 2.3 ms]
      [Ref Enq: 0.0 ms]
      [Redirty Cards: 0.0 ms]
      [Humongous Register: 0.0 ms]
      [Humongous Reclaim: 0.0 ms]
      [Free CSet: 0.1 ms]
   [Eden: 44.0M(44.0M)->0.0B(44.0M) Survivors: 7168.0K->7168.0K Heap: 180.5M(1024.0M)->139.1M(1024.0M)]
 [Times: user=0.03 sys=0.00, real=0.02 secs] 
2016-04-26T14:23:55.519-0800: 215.035: [GC pause (Metadata GC Threshold) (young) (initial-mark), 0.0064844 secs]
   [Parallel Time: 5.5 ms, GC Workers: 4]
      [GC Worker Start (ms): Min: 215034.8, Avg: 215034.9, Max: 215034.9, Diff: 0.0]
      [Ext Root Scanning (ms): Min: 0.6, Avg: 0.8, Max: 1.1, Diff: 0.5, Sum: 3.4]
      [Update RS (ms): Min: 0.0, Avg: 0.2, Max: 0.2, Diff: 0.2, Sum: 0.6]
         [Processed Buffers: Min: 1, Avg: 1.0, Max: 1, Diff: 0, Sum: 4]
      [Scan RS (ms): Min: 0.0, Avg: 0.1, Max: 0.1, Diff: 0.1, Sum: 0.3]
      [Code Root Scanning (ms): Min: 0.0, Avg: 0.4, Max: 1.0, Diff: 1.0, Sum: 1.8]
      [Object Copy (ms): Min: 3.1, Avg: 3.9, Max: 4.5, Diff: 1.4, Sum: 15.7]
      [Termination (ms): Min: 0.0, Avg: 0.0, Max: 0.0, Diff: 0.0, Sum: 0.0]
         [Termination Attempts: Min: 1, Avg: 1.0, Max: 1, Diff: 0, Sum: 4]
      [GC Worker Other (ms): Min: 0.0, Avg: 0.0, Max: 0.0, Diff: 0.0, Sum: 0.0]
      [GC Worker Total (ms): Min: 5.4, Avg: 5.5, Max: 5.5, Diff: 0.0, Sum: 21.8]
      [GC Worker End (ms): Min: 215040.3, Avg: 215040.3, Max: 215040.3, Diff: 0.0]
   [Code Root Fixup: 0.3 ms]
   [Code Root Purge: 0.0 ms]
   [Clear CT: 0.2 ms]
   [Other: 0.5 ms]
      [Choose CSet: 0.0 ms]
      [Ref Proc: 0.1 ms]
      [Ref Enq: 0.0 ms]
      [Redirty Cards: 0.1 ms]
      [Humongous Register: 0.0 ms]
      [Humongous Reclaim: 0.0 ms]
      [Free CSet: 0.1 ms]
   [Eden: 2048.0K(44.0M)->0.0B(48.0M) Survivors: 7168.0K->3072.0K Heap: 140.4M(1024.0M)->139.4M(1024.0M)]
 [Times: user=0.02 sys=0.01, real=0.01 secs] 
2016-04-26T14:23:55.525-0800: 215.041: [GC concurrent-root-region-scan-start]
2016-04-26T14:23:55.528-0800: 215.044: [GC concurrent-root-region-scan-end, 0.0024778 secs]
2016-04-26T14:23:55.528-0800: 215.044: [GC concurrent-mark-start]
2016-04-26T14:23:55.536-0800: 215.052: [GC concurrent-mark-end, 0.0080183 secs]
2016-04-26T14:23:55.536-0800: 215.052: [GC remark 2016-04-26T14:23:55.536-0800: 215.052: [Finalize Marking, 0.0002363 secs] 2016-04-26T14:23:55.536-0800: 215.052: [GC ref-proc, 0.0000576 secs] 2016-04-26T14:23:55.536-0800: 215.052: [Unloading, 0.0037269 secs], 0.0052611 secs]
 [Times: user=0.02 sys=0.00, real=0.01 secs] 
2016-04-26T14:23:55.541-0800: 215.057: [GC cleanup 140M->136M(1024M), 0.0006475 secs]
 [Times: user=0.00 sys=0.00, real=0.00 secs] 
2016-04-26T14:23:55.542-0800: 215.058: [GC concurrent-cleanup-start]
2016-04-26T14:23:55.542-0800: 215.058: [GC concurrent-cleanup-end, 0.0000158 secs]
2016-04-26T14:34:17.501-0800: 837.000: [GC pause (G1 Evacuation Pause) (young), 0.0072285 secs]
   [Parallel Time: 5.9 ms, GC Workers: 4]
      [GC Worker Start (ms): Min: 836999.7, Avg: 836999.8, Max: 836999.8, Diff: 0.1]
      [Ext Root Scanning (ms): Min: 0.6, Avg: 0.8, Max: 1.2, Diff: 0.5, Sum: 3.2]
      [Update RS (ms): Min: 0.8, Avg: 0.9, Max: 1.0, Diff: 0.3, Sum: 3.6]
         [Processed Buffers: Min: 1, Avg: 7.2, Max: 14, Diff: 13, Sum: 29]
      [Scan RS (ms): Min: 0.2, Avg: 0.4, Max: 0.6, Diff: 0.4, Sum: 1.7]
      [Code Root Scanning (ms): Min: 0.2, Avg: 0.4, Max: 0.7, Diff: 0.6, Sum: 1.7]
      [Object Copy (ms): Min: 3.2, Avg: 3.2, Max: 3.3, Diff: 0.1, Sum: 12.9]
      [Termination (ms): Min: 0.0, Avg: 0.0, Max: 0.0, Diff: 0.0, Sum: 0.0]
         [Termination Attempts: Min: 1, Avg: 1.0, Max: 1, Diff: 0, Sum: 4]
      [GC Worker Other (ms): Min: 0.0, Avg: 0.0, Max: 0.0, Diff: 0.0, Sum: 0.1]
      [GC Worker Total (ms): Min: 5.8, Avg: 5.8, Max: 5.8, Diff: 0.1, Sum: 23.3]
      [GC Worker End (ms): Min: 837005.6, Avg: 837005.6, Max: 837005.6, Diff: 0.0]
   [Code Root Fixup: 0.2 ms]
   [Code Root Purge: 0.0 ms]
   [Clear CT: 0.1 ms]
   [Other: 1.0 ms]
      [Choose CSet: 0.0 ms]
      [Ref Proc: 0.7 ms]
      [Ref Enq: 0.0 ms]
      [Redirty Cards: 0.0 ms]
      [Humongous Register: 0.0 ms]
      [Humongous Reclaim: 0.0 ms]
      [Free CSet: 0.0 ms]
   [Eden: 48.0M(48.0M)->0.0B(45.0M) Survivors: 3072.0K->6144.0K Heap: 183.4M(1024.0M)->138.6M(1024.0M)]
 [Times: user=0.03 sys=0.00, real=0.00 secs] 
2016-04-26T14:37:39.642-0800: 1039.134: [GC pause (G1 Evacuation Pause) (young), 0.0059610 secs]
   [Parallel Time: 5.2 ms, GC Workers: 4]
      [GC Worker Start (ms): Min: 1039134.6, Avg: 1039134.6, Max: 1039134.6, Diff: 0.1]
      [Ext Root Scanning (ms): Min: 0.6, Avg: 0.7, Max: 1.1, Diff: 0.5, Sum: 3.0]
      [Update RS (ms): Min: 0.0, Avg: 0.3, Max: 0.6, Diff: 0.5, Sum: 1.4]
         [Processed Buffers: Min: 1, Avg: 3.5, Max: 6, Diff: 5, Sum: 14]
      [Scan RS (ms): Min: 0.0, Avg: 0.0, Max: 0.0, Diff: 0.0, Sum: 0.1]
      [Code Root Scanning (ms): Min: 0.0, Avg: 0.4, Max: 0.9, Diff: 0.9, Sum: 1.7]
      [Object Copy (ms): Min: 3.1, Avg: 3.5, Max: 4.0, Diff: 0.9, Sum: 14.1]
      [Termination (ms): Min: 0.0, Avg: 0.0, Max: 0.0, Diff: 0.0, Sum: 0.0]
         [Termination Attempts: Min: 1, Avg: 1.0, Max: 1, Diff: 0, Sum: 4]
      [GC Worker Other (ms): Min: 0.0, Avg: 0.0, Max: 0.1, Diff: 0.0, Sum: 0.1]
      [GC Worker Total (ms): Min: 5.1, Avg: 5.1, Max: 5.1, Diff: 0.0, Sum: 20.4]
      [GC Worker End (ms): Min: 1039139.7, Avg: 1039139.7, Max: 1039139.7, Diff: 0.0]
   [Code Root Fixup: 0.2 ms]
   [Code Root Purge: 0.0 ms]
   [Clear CT: 0.1 ms]
   [Other: 0.5 ms]
      [Choose CSet: 0.0 ms]
      [Ref Proc: 0.2 ms]
      [Ref Enq: 0.0 ms]
      [Redirty Cards: 0.0 ms]
      [Humongous Register: 0.0 ms]
      [Humongous Reclaim: 0.0 ms]
      [Free CSet: 0.0 ms]
   [Eden: 45.0M(45.0M)->0.0B(47.0M) Survivors: 6144.0K->4096.0K Heap: 183.6M(1024.0M)->136.4M(1024.0M)]
 [Times: user=0.02 sys=0.00, real=0.00 secs] 
2016-04-26T14:52:10.653-0800: 1910.119: [GC pause (G1 Evacuation Pause) (young), 0.0061688 secs]
   [Parallel Time: 5.4 ms, GC Workers: 4]
      [GC Worker Start (ms): Min: 1910119.3, Avg: 1910119.4, Max: 1910119.4, Diff: 0.1]
      [Ext Root Scanning (ms): Min: 0.6, Avg: 0.7, Max: 1.1, Diff: 0.5, Sum: 2.9]
      [Update RS (ms): Min: 0.0, Avg: 0.4, Max: 0.6, Diff: 0.6, Sum: 1.4]
         [Processed Buffers: Min: 1, Avg: 3.2, Max: 9, Diff: 8, Sum: 13]
      [Scan RS (ms): Min: 0.0, Avg: 0.0, Max: 0.0, Diff: 0.0, Sum: 0.1]
      [Code Root Scanning (ms): Min: 0.0, Avg: 0.4, Max: 0.8, Diff: 0.8, Sum: 1.6]
      [Object Copy (ms): Min: 3.3, Avg: 3.7, Max: 4.1, Diff: 0.8, Sum: 15.0]
      [Termination (ms): Min: 0.0, Avg: 0.0, Max: 0.0, Diff: 0.0, Sum: 0.0]
         [Termination Attempts: Min: 1, Avg: 1.2, Max: 2, Diff: 1, Sum: 5]
      [GC Worker Other (ms): Min: 0.0, Avg: 0.0, Max: 0.1, Diff: 0.0, Sum: 0.2]
      [GC Worker Total (ms): Min: 5.3, Avg: 5.3, Max: 5.3, Diff: 0.1, Sum: 21.2]
      [GC Worker End (ms): Min: 1910124.6, Avg: 1910124.7, Max: 1910124.7, Diff: 0.0]
   [Code Root Fixup: 0.2 ms]
   [Code Root Purge: 0.0 ms]
   [Clear CT: 0.1 ms]
   [Other: 0.5 ms]
      [Choose CSet: 0.0 ms]
      [Ref Proc: 0.2 ms]
      [Ref Enq: 0.0 ms]
      [Redirty Cards: 0.1 ms]
      [Humongous Register: 0.0 ms]
      [Humongous Reclaim: 0.0 ms]
      [Free CSet: 0.0 ms]
   [Eden: 47.0M(47.0M)->0.0B(46.0M) Survivors: 4096.0K->5120.0K Heap: 183.4M(1024.0M)->137.3M(1024.0M)]
 [Times: user=0.02 sys=0.00, real=0.01 secs] 
2016-04-26T15:24:55.309-0800: 3874.723: [GC pause (G1 Evacuation Pause) (young), 0.0065962 secs]
   [Parallel Time: 5.5 ms, GC Workers: 4]
      [GC Worker Start (ms): Min: 3874723.1, Avg: 3874723.1, Max: 3874723.2, Diff: 0.0]
      [Ext Root Scanning (ms): Min: 0.6, Avg: 0.9, Max: 1.6, Diff: 1.0, Sum: 3.5]
      [Update RS (ms): Min: 0.0, Avg: 0.4, Max: 0.7, Diff: 0.7, Sum: 1.4]
         [Processed Buffers: Min: 0, Avg: 4.2, Max: 15, Diff: 15, Sum: 17]
      [Scan RS (ms): Min: 0.0, Avg: 0.0, Max: 0.0, Diff: 0.0, Sum: 0.1]
      [Code Root Scanning (ms): Min: 0.0, Avg: 0.4, Max: 1.0, Diff: 1.0, Sum: 1.8]
      [Object Copy (ms): Min: 3.5, Avg: 3.7, Max: 4.1, Diff: 0.7, Sum: 14.9]
      [Termination (ms): Min: 0.0, Avg: 0.0, Max: 0.0, Diff: 0.0, Sum: 0.0]
         [Termination Attempts: Min: 1, Avg: 1.0, Max: 1, Diff: 0, Sum: 4]
      [GC Worker Other (ms): Min: 0.0, Avg: 0.0, Max: 0.0, Diff: 0.0, Sum: 0.1]
      [GC Worker Total (ms): Min: 5.4, Avg: 5.5, Max: 5.5, Diff: 0.0, Sum: 21.8]
      [GC Worker End (ms): Min: 3874728.6, Avg: 3874728.6, Max: 3874728.6, Diff: 0.0]
   [Code Root Fixup: 0.2 ms]
   [Code Root Purge: 0.0 ms]
   [Clear CT: 0.1 ms]
   [Other: 0.7 ms]
      [Choose CSet: 0.0 ms]
      [Ref Proc: 0.4 ms]
      [Ref Enq: 0.0 ms]
      [Redirty Cards: 0.1 ms]
      [Humongous Register: 0.1 ms]
      [Humongous Reclaim: 0.0 ms]
      [Free CSet: 0.0 ms]
   [Eden: 46.0M(46.0M)->0.0B(47.0M) Survivors: 5120.0K->4096.0K Heap: 183.3M(1024.0M)->136.9M(1024.0M)]
 [Times: user=0.02 sys=0.00, real=0.01 secs] 
2016-04-26T15:28:45.188-0800: 4104.596: [GC pause (G1 Evacuation Pause) (young), 0.0064691 secs]
   [Parallel Time: 5.7 ms, GC Workers: 4]
      [GC Worker Start (ms): Min: 4104595.7, Avg: 4104595.7, Max: 4104595.7, Diff: 0.0]
      [Ext Root Scanning (ms): Min: 0.5, Avg: 0.7, Max: 1.1, Diff: 0.6, Sum: 2.7]
      [Update RS (ms): Min: 0.0, Avg: 0.4, Max: 0.7, Diff: 0.7, Sum: 1.5]
         [Processed Buffers: Min: 1, Avg: 3.0, Max: 6, Diff: 5, Sum: 12]
      [Scan RS (ms): Min: 0.0, Avg: 0.0, Max: 0.0, Diff: 0.0, Sum: 0.1]
      [Code Root Scanning (ms): Min: 0.0, Avg: 0.5, Max: 1.1, Diff: 1.1, Sum: 2.2]
      [Object Copy (ms): Min: 3.5, Avg: 4.0, Max: 4.7, Diff: 1.2, Sum: 16.1]
      [Termination (ms): Min: 0.0, Avg: 0.0, Max: 0.0, Diff: 0.0, Sum: 0.0]
         [Termination Attempts: Min: 1, Avg: 1.0, Max: 1, Diff: 0, Sum: 4]
      [GC Worker Other (ms): Min: 0.0, Avg: 0.0, Max: 0.0, Diff: 0.0, Sum: 0.1]
      [GC Worker Total (ms): Min: 5.6, Avg: 5.6, Max: 5.7, Diff: 0.0, Sum: 22.6]
      [GC Worker End (ms): Min: 4104601.3, Avg: 4104601.3, Max: 4104601.4, Diff: 0.0]
   [Code Root Fixup: 0.2 ms]
   [Code Root Purge: 0.0 ms]
   [Clear CT: 0.1 ms]
   [Other: 0.4 ms]
      [Choose CSet: 0.0 ms]
      [Ref Proc: 0.1 ms]
      [Ref Enq: 0.0 ms]
      [Redirty Cards: 0.0 ms]
      [Humongous Register: 0.0 ms]
      [Humongous Reclaim: 0.0 ms]
      [Free CSet: 0.0 ms]
   [Eden: 47.0M(47.0M)->0.0B(54.0M) Survivors: 4096.0K->5120.0K Heap: 183.9M(1024.0M)->137.7M(1024.0M)]
 [Times: user=0.02 sys=0.00, real=0.01 secs] 
2016-04-26T15:33:12.188-0800: 4371.588: [GC pause (G1 Evacuation Pause) (young), 0.0069344 secs]
   [Parallel Time: 6.1 ms, GC Workers: 4]
      [GC Worker Start (ms): Min: 4371588.5, Avg: 4371588.6, Max: 4371588.6, Diff: 0.1]
      [Ext Root Scanning (ms): Min: 0.7, Avg: 0.8, Max: 1.4, Diff: 0.7, Sum: 3.4]
      [Update RS (ms): Min: 0.0, Avg: 0.4, Max: 0.7, Diff: 0.7, Sum: 1.4]
         [Processed Buffers: Min: 0, Avg: 3.2, Max: 8, Diff: 8, Sum: 13]
      [Scan RS (ms): Min: 0.0, Avg: 0.0, Max: 0.0, Diff: 0.0, Sum: 0.1]
      [Code Root Scanning (ms): Min: 0.0, Avg: 0.5, Max: 1.0, Diff: 1.0, Sum: 1.9]
      [Object Copy (ms): Min: 4.0, Avg: 4.3, Max: 4.6, Diff: 0.7, Sum: 17.1]
      [Termination (ms): Min: 0.0, Avg: 0.0, Max: 0.0, Diff: 0.0, Sum: 0.0]
         [Termination Attempts: Min: 1, Avg: 1.0, Max: 1, Diff: 0, Sum: 4]
      [GC Worker Other (ms): Min: 0.0, Avg: 0.0, Max: 0.0, Diff: 0.0, Sum: 0.1]
      [GC Worker Total (ms): Min: 6.0, Avg: 6.0, Max: 6.0, Diff: 0.1, Sum: 24.0]
      [GC Worker End (ms): Min: 4371594.6, Avg: 4371594.6, Max: 4371594.6, Diff: 0.0]
   [Code Root Fixup: 0.2 ms]
   [Code Root Purge: 0.0 ms]
   [Clear CT: 0.1 ms]
   [Other: 0.5 ms]
      [Choose CSet: 0.0 ms]
      [Ref Proc: 0.2 ms]
      [Ref Enq: 0.0 ms]
      [Redirty Cards: 0.1 ms]
      [Humongous Register: 0.0 ms]
      [Humongous Reclaim: 0.0 ms]
      [Free CSet: 0.0 ms]
   [Eden: 54.0M(54.0M)->0.0B(237.0M) Survivors: 5120.0K->4096.0K Heap: 191.7M(1024.0M)->136.9M(1024.0M)]
 [Times: user=0.03 sys=0.00, real=0.01 secs] 
2016-04-26T15:52:40.750-0800: 5540.118: [GC pause (G1 Evacuation Pause) (young), 0.0067484 secs]
   [Parallel Time: 5.6 ms, GC Workers: 4]
      [GC Worker Start (ms): Min: 5540118.4, Avg: 5540118.4, Max: 5540118.4, Diff: 0.1]
      [Ext Root Scanning (ms): Min: 0.7, Avg: 0.9, Max: 1.2, Diff: 0.4, Sum: 3.5]
      [Update RS (ms): Min: 0.1, Avg: 0.4, Max: 0.7, Diff: 0.7, Sum: 1.5]
         [Processed Buffers: Min: 1, Avg: 4.0, Max: 11, Diff: 10, Sum: 16]
      [Scan RS (ms): Min: 0.0, Avg: 0.1, Max: 0.1, Diff: 0.1, Sum: 0.2]
      [Code Root Scanning (ms): Min: 0.0, Avg: 0.5, Max: 1.1, Diff: 1.1, Sum: 2.1]
      [Object Copy (ms): Min: 3.2, Avg: 3.7, Max: 4.1, Diff: 0.9, Sum: 14.6]
      [Termination (ms): Min: 0.0, Avg: 0.0, Max: 0.0, Diff: 0.0, Sum: 0.0]
         [Termination Attempts: Min: 1, Avg: 1.0, Max: 1, Diff: 0, Sum: 4]
      [GC Worker Other (ms): Min: 0.0, Avg: 0.0, Max: 0.0, Diff: 0.0, Sum: 0.1]
      [GC Worker Total (ms): Min: 5.5, Avg: 5.5, Max: 5.6, Diff: 0.1, Sum: 22.1]
      [GC Worker End (ms): Min: 5540123.9, Avg: 5540123.9, Max: 5540123.9, Diff: 0.0]
   [Code Root Fixup: 0.3 ms]
   [Code Root Purge: 0.0 ms]
   [Clear CT: 0.1 ms]
   [Other: 0.7 ms]
      [Choose CSet: 0.0 ms]
      [Ref Proc: 0.4 ms]
      [Ref Enq: 0.0 ms]
      [Redirty Cards: 0.0 ms]
      [Humongous Register: 0.0 ms]
      [Humongous Reclaim: 0.0 ms]
      [Free CSet: 0.1 ms]
   [Eden: 237.0M(237.0M)->0.0B(487.0M) Survivors: 4096.0K->5120.0K Heap: 373.9M(1024.0M)->137.6M(1024.0M)]
 [Times: user=0.02 sys=0.00, real=0.00 secs] 
2016-04-26T16:32:54.663-0800: 7953.962: [GC pause (G1 Evacuation Pause) (young), 0.0112227 secs]
   [Parallel Time: 9.6 ms, GC Workers: 4]
      [GC Worker Start (ms): Min: 7953962.6, Avg: 7953962.7, Max: 7953963.0, Diff: 0.3]
      [Ext Root Scanning (ms): Min: 0.3, Avg: 1.4, Max: 4.0, Diff: 3.7, Sum: 5.6]
      [Update RS (ms): Min: 0.0, Avg: 1.1, Max: 2.3, Diff: 2.3, Sum: 4.5]
         [Processed Buffers: Min: 0, Avg: 3.2, Max: 9, Diff: 9, Sum: 13]
      [Scan RS (ms): Min: 0.0, Avg: 0.1, Max: 0.1, Diff: 0.1, Sum: 0.4]
      [Code Root Scanning (ms): Min: 0.0, Avg: 2.2, Max: 7.4, Diff: 7.4, Sum: 8.9]
      [Object Copy (ms): Min: 0.1, Avg: 4.5, Max: 6.5, Diff: 6.4, Sum: 18.0]
      [Termination (ms): Min: 0.0, Avg: 0.1, Max: 0.2, Diff: 0.2, Sum: 0.3]
         [Termination Attempts: Min: 1, Avg: 1.0, Max: 1, Diff: 0, Sum: 4]
      [GC Worker Other (ms): Min: 0.0, Avg: 0.0, Max: 0.0, Diff: 0.0, Sum: 0.1]
      [GC Worker Total (ms): Min: 9.2, Avg: 9.5, Max: 9.6, Diff: 0.3, Sum: 37.8]
      [GC Worker End (ms): Min: 7953972.2, Avg: 7953972.2, Max: 7953972.2, Diff: 0.0]
   [Code Root Fixup: 0.3 ms]
   [Code Root Purge: 0.0 ms]
   [Clear CT: 0.2 ms]
   [Other: 1.1 ms]
      [Choose CSet: 0.0 ms]
      [Ref Proc: 0.5 ms]
      [Ref Enq: 0.0 ms]
      [Redirty Cards: 0.0 ms]
      [Humongous Register: 0.1 ms]
      [Humongous Reclaim: 0.0 ms]
      [Free CSet: 0.2 ms]
   [Eden: 487.0M(487.0M)->0.0B(598.0M) Survivors: 5120.0K->4096.0K Heap: 624.6M(1024.0M)->136.9M(1024.0M)]
 [Times: user=0.01 sys=0.01, real=0.01 secs] 
2016-04-26T17:22:54.531-0800: 10953.747: [GC pause (G1 Evacuation Pause) (young), 0.0118008 secs]
   [Parallel Time: 10.1 ms, GC Workers: 4]
      [GC Worker Start (ms): Min: 10953747.3, Avg: 10953748.2, Max: 10953749.0, Diff: 1.7]
      [Ext Root Scanning (ms): Min: 0.0, Avg: 0.6, Max: 1.5, Diff: 1.4, Sum: 2.3]
      [Update RS (ms): Min: 0.3, Avg: 0.6, Max: 1.2, Diff: 0.8, Sum: 2.5]
         [Processed Buffers: Min: 1, Avg: 2.8, Max: 8, Diff: 7, Sum: 11]
      [Scan RS (ms): Min: 0.1, Avg: 0.1, Max: 0.2, Diff: 0.1, Sum: 0.5]
      [Code Root Scanning (ms): Min: 0.0, Avg: 1.0, Max: 2.9, Diff: 2.9, Sum: 3.9]
      [Object Copy (ms): Min: 5.0, Avg: 6.7, Max: 7.8, Diff: 2.8, Sum: 26.8]
      [Termination (ms): Min: 0.0, Avg: 0.1, Max: 0.1, Diff: 0.1, Sum: 0.3]
         [Termination Attempts: Min: 1, Avg: 1.0, Max: 1, Diff: 0, Sum: 4]
      [GC Worker Other (ms): Min: 0.0, Avg: 0.0, Max: 0.0, Diff: 0.0, Sum: 0.1]
      [GC Worker Total (ms): Min: 8.3, Avg: 9.1, Max: 10.0, Diff: 1.7, Sum: 36.4]
      [GC Worker End (ms): Min: 10953757.3, Avg: 10953757.3, Max: 10953757.3, Diff: 0.0]
   [Code Root Fixup: 0.2 ms]
   [Code Root Purge: 0.0 ms]
   [Clear CT: 0.2 ms]
   [Other: 1.4 ms]
      [Choose CSet: 0.0 ms]
      [Ref Proc: 0.7 ms]
      [Ref Enq: 0.0 ms]
      [Redirty Cards: 0.1 ms]
      [Humongous Register: 0.0 ms]
      [Humongous Reclaim: 0.0 ms]
      [Free CSet: 0.3 ms]
   [Eden: 598.0M(598.0M)->0.0B(610.0M) Survivors: 4096.0K->4096.0K Heap: 734.9M(1024.0M)->136.9M(1024.0M)]
 [Times: user=0.02 sys=0.01, real=0.01 secs] 
2016-04-26T18:13:48.928-0800: 14008.055: [GC pause (G1 Evacuation Pause) (young), 0.0182097 secs]
   [Parallel Time: 13.4 ms, GC Workers: 4]
      [GC Worker Start (ms): Min: 14008056.6, Avg: 14008058.7, Max: 14008061.1, Diff: 4.5]
      [Ext Root Scanning (ms): Min: 0.0, Avg: 2.3, Max: 5.9, Diff: 5.9, Sum: 9.0]
      [Update RS (ms): Min: 0.0, Avg: 1.0, Max: 1.7, Diff: 1.7, Sum: 4.1]
         [Processed Buffers: Min: 0, Avg: 3.5, Max: 11, Diff: 11, Sum: 14]
      [Scan RS (ms): Min: 0.1, Avg: 0.1, Max: 0.2, Diff: 0.1, Sum: 0.5]
      [Code Root Scanning (ms): Min: 0.0, Avg: 1.1, Max: 3.3, Diff: 3.3, Sum: 4.3]
      [Object Copy (ms): Min: 4.5, Avg: 6.4, Max: 7.3, Diff: 2.8, Sum: 25.5]
      [Termination (ms): Min: 0.0, Avg: 0.2, Max: 0.5, Diff: 0.5, Sum: 0.9]
         [Termination Attempts: Min: 1, Avg: 10.2, Max: 22, Diff: 21, Sum: 41]
      [GC Worker Other (ms): Min: 0.0, Avg: 0.1, Max: 0.1, Diff: 0.0, Sum: 0.2]
      [GC Worker Total (ms): Min: 8.8, Avg: 11.1, Max: 13.3, Diff: 4.5, Sum: 44.6]
      [GC Worker End (ms): Min: 14008069.8, Avg: 14008069.8, Max: 14008069.9, Diff: 0.1]
   [Code Root Fixup: 0.3 ms]
   [Code Root Purge: 0.0 ms]
   [Clear CT: 0.6 ms]
   [Other: 3.8 ms]
      [Choose CSet: 0.0 ms]
      [Ref Proc: 1.3 ms]
      [Ref Enq: 0.0 ms]
      [Redirty Cards: 0.1 ms]
      [Humongous Register: 0.9 ms]
      [Humongous Reclaim: 0.0 ms]
      [Free CSet: 1.2 ms]
   [Eden: 610.0M(610.0M)->0.0B(609.0M) Survivors: 4096.0K->5120.0K Heap: 746.9M(1024.0M)->137.4M(1024.0M)]
 [Times: user=0.02 sys=0.02, real=0.02 secs] 
2016-04-26T22:15:52.612-0800: 28531.307: [GC pause (G1 Evacuation Pause) (young), 0.0598794 secs]
   [Parallel Time: 48.9 ms, GC Workers: 4]
      [GC Worker Start (ms): Min: 28531308.7, Avg: 28531308.8, Max: 28531308.8, Diff: 0.1]
      [Ext Root Scanning (ms): Min: 2.0, Avg: 4.2, Max: 8.6, Diff: 6.7, Sum: 16.9]
      [Update RS (ms): Min: 0.0, Avg: 1.9, Max: 2.9, Diff: 2.9, Sum: 7.4]
         [Processed Buffers: Min: 0, Avg: 4.0, Max: 12, Diff: 12, Sum: 16]
      [Scan RS (ms): Min: 0.0, Avg: 0.2, Max: 0.4, Diff: 0.3, Sum: 0.9]
      [Code Root Scanning (ms): Min: 0.0, Avg: 1.7, Max: 5.1, Diff: 5.1, Sum: 6.8]
      [Object Copy (ms): Min: 22.8, Avg: 30.4, Max: 35.0, Diff: 12.2, Sum: 121.5]
      [Termination (ms): Min: 5.8, Avg: 9.8, Max: 14.3, Diff: 8.5, Sum: 39.4]
         [Termination Attempts: Min: 316, Avg: 405.8, Max: 454, Diff: 138, Sum: 1623]
      [GC Worker Other (ms): Min: 0.1, Avg: 0.5, Max: 1.5, Diff: 1.4, Sum: 2.0]
      [GC Worker Total (ms): Min: 48.7, Avg: 48.7, Max: 48.8, Diff: 0.1, Sum: 194.9]
      [GC Worker End (ms): Min: 28531357.4, Avg: 28531357.5, Max: 28531357.5, Diff: 0.1]
   [Code Root Fixup: 0.3 ms]
   [Code Root Purge: 0.2 ms]
   [Clear CT: 1.0 ms]
   [Other: 9.5 ms]
      [Choose CSet: 0.0 ms]
      [Ref Proc: 5.5 ms]
      [Ref Enq: 0.0 ms]
      [Redirty Cards: 0.0 ms]
      [Humongous Register: 1.1 ms]
      [Humongous Reclaim: 0.1 ms]
      [Free CSet: 1.8 ms]
   [Eden: 609.0M(609.0M)->0.0B(46.0M) Survivors: 5120.0K->5120.0K Heap: 746.4M(1024.0M)->137.9M(1024.0M)]
 [Times: user=0.06 sys=0.09, real=0.06 secs] 
2016-04-26T22:32:35.487-0800: 29534.154: [GC pause (G1 Evacuation Pause) (young), 0.0081585 secs]
   [Parallel Time: 7.1 ms, GC Workers: 4]
      [GC Worker Start (ms): Min: 29534154.4, Avg: 29534154.4, Max: 29534154.4, Diff: 0.1]
      [Ext Root Scanning (ms): Min: 0.7, Avg: 1.0, Max: 1.7, Diff: 1.0, Sum: 3.8]
      [Update RS (ms): Min: 0.0, Avg: 0.5, Max: 1.0, Diff: 1.0, Sum: 2.2]
         [Processed Buffers: Min: 0, Avg: 2.5, Max: 7, Diff: 7, Sum: 10]
      [Scan RS (ms): Min: 0.0, Avg: 0.0, Max: 0.1, Diff: 0.1, Sum: 0.1]
      [Code Root Scanning (ms): Min: 0.0, Avg: 0.5, Max: 1.2, Diff: 1.2, Sum: 2.0]
      [Object Copy (ms): Min: 4.5, Avg: 5.0, Max: 5.3, Diff: 0.7, Sum: 19.9]
      [Termination (ms): Min: 0.0, Avg: 0.0, Max: 0.0, Diff: 0.0, Sum: 0.0]
         [Termination Attempts: Min: 1, Avg: 1.0, Max: 1, Diff: 0, Sum: 4]
      [GC Worker Other (ms): Min: 0.0, Avg: 0.0, Max: 0.0, Diff: 0.0, Sum: 0.1]
      [GC Worker Total (ms): Min: 7.0, Avg: 7.0, Max: 7.1, Diff: 0.1, Sum: 28.2]
      [GC Worker End (ms): Min: 29534161.4, Avg: 29534161.4, Max: 29534161.4, Diff: 0.0]
   [Code Root Fixup: 0.3 ms]
   [Code Root Purge: 0.0 ms]
   [Clear CT: 0.1 ms]
   [Other: 0.7 ms]
      [Choose CSet: 0.0 ms]
      [Ref Proc: 0.2 ms]
      [Ref Enq: 0.0 ms]
      [Redirty Cards: 0.0 ms]
      [Humongous Register: 0.1 ms]
      [Humongous Reclaim: 0.0 ms]
      [Free CSet: 0.1 ms]
   [Eden: 46.0M(46.0M)->0.0B(48.0M) Survivors: 5120.0K->4096.0K Heap: 183.9M(1024.0M)->136.9M(1024.0M)]
 [Times: user=0.02 sys=0.01, real=0.01 secs] 
2016-04-26T22:50:01.479-0800: 30580.117: [GC pause (G1 Evacuation Pause) (young), 0.0296250 secs]
   [Parallel Time: 23.9 ms, GC Workers: 4]
      [GC Worker Start (ms): Min: 30580121.4, Avg: 30580121.8, Max: 30580122.1, Diff: 0.6]
      [Ext Root Scanning (ms): Min: 2.7, Avg: 5.2, Max: 9.3, Diff: 6.6, Sum: 20.7]
      [Update RS (ms): Min: 0.0, Avg: 1.8, Max: 2.9, Diff: 2.9, Sum: 7.3]
         [Processed Buffers: Min: 0, Avg: 2.0, Max: 6, Diff: 6, Sum: 8]
      [Scan RS (ms): Min: 0.0, Avg: 0.0, Max: 0.0, Diff: 0.0, Sum: 0.1]
      [Code Root Scanning (ms): Min: 0.0, Avg: 3.4, Max: 8.7, Diff: 8.7, Sum: 13.6]
      [Object Copy (ms): Min: 8.5, Avg: 12.6, Max: 16.3, Diff: 7.8, Sum: 50.4]
      [Termination (ms): Min: 0.0, Avg: 0.0, Max: 0.0, Diff: 0.0, Sum: 0.1]
         [Termination Attempts: Min: 1, Avg: 1.8, Max: 3, Diff: 2, Sum: 7]
      [GC Worker Other (ms): Min: 0.0, Avg: 0.4, Max: 1.4, Diff: 1.3, Sum: 1.5]
      [GC Worker Total (ms): Min: 23.1, Avg: 23.4, Max: 23.8, Diff: 0.6, Sum: 93.7]
      [GC Worker End (ms): Min: 30580145.2, Avg: 30580145.2, Max: 30580145.2, Diff: 0.0]
   [Code Root Fixup: 0.3 ms]
   [Code Root Purge: 0.0 ms]
   [Clear CT: 0.0 ms]
   [Other: 5.4 ms]
      [Choose CSet: 0.0 ms]
      [Ref Proc: 0.3 ms]
      [Ref Enq: 0.0 ms]
      [Redirty Cards: 0.1 ms]
      [Humongous Register: 4.1 ms]
      [Humongous Reclaim: 0.0 ms]
      [Free CSet: 0.3 ms]
   [Eden: 48.0M(48.0M)->0.0B(47.0M) Survivors: 4096.0K->4096.0K Heap: 184.9M(1024.0M)->136.7M(1024.0M)]
 [Times: user=0.03 sys=0.04, real=0.03 secs] 
2016-04-26T23:07:06.505-0800: 31605.114: [GC pause (G1 Evacuation Pause) (young), 0.0207471 secs]
   [Parallel Time: 17.7 ms, GC Workers: 4]
      [GC Worker Start (ms): Min: 31605116.2, Avg: 31605116.2, Max: 31605116.3, Diff: 0.1]
      [Ext Root Scanning (ms): Min: 2.6, Avg: 4.5, Max: 9.9, Diff: 7.3, Sum: 17.9]
      [Update RS (ms): Min: 0.0, Avg: 2.2, Max: 3.3, Diff: 3.3, Sum: 8.7]
         [Processed Buffers: Min: 0, Avg: 2.5, Max: 8, Diff: 8, Sum: 10]
      [Scan RS (ms): Min: 0.0, Avg: 0.0, Max: 0.0, Diff: 0.0, Sum: 0.0]
      [Code Root Scanning (ms): Min: 0.0, Avg: 1.6, Max: 3.3, Diff: 3.3, Sum: 6.4]
      [Object Copy (ms): Min: 7.6, Avg: 8.8, Max: 11.5, Diff: 3.9, Sum: 35.2]
      [Termination (ms): Min: 0.0, Avg: 0.4, Max: 0.8, Diff: 0.8, Sum: 1.5]
         [Termination Attempts: Min: 1, Avg: 7.0, Max: 12, Diff: 11, Sum: 28]
      [GC Worker Other (ms): Min: 0.0, Avg: 0.0, Max: 0.1, Diff: 0.0, Sum: 0.2]
      [GC Worker Total (ms): Min: 17.4, Avg: 17.5, Max: 17.5, Diff: 0.1, Sum: 69.9]
      [GC Worker End (ms): Min: 31605133.7, Avg: 31605133.7, Max: 31605133.7, Diff: 0.0]
   [Code Root Fixup: 0.3 ms]
   [Code Root Purge: 0.0 ms]
   [Clear CT: 0.0 ms]
   [Other: 2.7 ms]
      [Choose CSet: 0.0 ms]
      [Ref Proc: 0.4 ms]
      [Ref Enq: 0.0 ms]
      [Redirty Cards: 0.1 ms]
      [Humongous Register: 1.5 ms]
      [Humongous Reclaim: 0.0 ms]
      [Free CSet: 0.3 ms]
   [Eden: 47.0M(47.0M)->0.0B(48.0M) Survivors: 4096.0K->3072.0K Heap: 183.7M(1024.0M)->136.3M(1024.0M)]
 [Times: user=0.02 sys=0.04, real=0.02 secs] 
2016-04-26T23:24:32.831-0800: 32651.409: [GC pause (G1 Evacuation Pause) (young), 0.0189028 secs]
   [Parallel Time: 15.3 ms, GC Workers: 4]
      [GC Worker Start (ms): Min: 32651411.0, Avg: 32651411.2, Max: 32651411.5, Diff: 0.5]
      [Ext Root Scanning (ms): Min: 2.1, Avg: 3.7, Max: 7.5, Diff: 5.4, Sum: 14.6]
      [Update RS (ms): Min: 1.0, Avg: 3.1, Max: 4.1, Diff: 3.1, Sum: 12.5]
         [Processed Buffers: Min: 2, Avg: 4.0, Max: 8, Diff: 6, Sum: 16]
      [Scan RS (ms): Min: 0.0, Avg: 0.0, Max: 0.0, Diff: 0.0, Sum: 0.1]
      [Code Root Scanning (ms): Min: 0.0, Avg: 1.5, Max: 3.3, Diff: 3.3, Sum: 6.2]
      [Object Copy (ms): Min: 3.3, Avg: 6.6, Max: 8.7, Diff: 5.4, Sum: 26.3]
      [Termination (ms): Min: 0.0, Avg: 0.0, Max: 0.0, Diff: 0.0, Sum: 0.0]
         [Termination Attempts: Min: 1, Avg: 1.2, Max: 2, Diff: 1, Sum: 5]
      [GC Worker Other (ms): Min: 0.0, Avg: 0.1, Max: 0.1, Diff: 0.0, Sum: 0.2]
      [GC Worker Total (ms): Min: 14.7, Avg: 15.0, Max: 15.2, Diff: 0.5, Sum: 59.9]
      [GC Worker End (ms): Min: 32651426.2, Avg: 32651426.2, Max: 32651426.2, Diff: 0.0]
   [Code Root Fixup: 0.2 ms]
   [Code Root Purge: 0.0 ms]
   [Clear CT: 0.1 ms]
   [Other: 3.3 ms]
      [Choose CSet: 0.0 ms]
      [Ref Proc: 0.4 ms]
      [Ref Enq: 0.0 ms]
      [Redirty Cards: 0.1 ms]
      [Humongous Register: 1.5 ms]
      [Humongous Reclaim: 0.0 ms]
      [Free CSet: 0.3 ms]
   [Eden: 48.0M(48.0M)->0.0B(48.0M) Survivors: 3072.0K->3072.0K Heap: 184.3M(1024.0M)->136.9M(1024.0M)]
 [Times: user=0.02 sys=0.04, real=0.02 secs] 
2016-04-26T23:43:02.941-0800: 33690.115: [GC pause (G1 Evacuation Pause) (young), 0.0281565 secs]
   [Parallel Time: 17.7 ms, GC Workers: 4]
      [GC Worker Start (ms): Min: 33690123.9, Avg: 33690124.0, Max: 33690124.1, Diff: 0.1]
      [Ext Root Scanning (ms): Min: 1.7, Avg: 4.2, Max: 11.6, Diff: 9.9, Sum: 17.0]
      [Update RS (ms): Min: 0.0, Avg: 3.4, Max: 4.7, Diff: 4.7, Sum: 13.7]
         [Processed Buffers: Min: 0, Avg: 6.0, Max: 20, Diff: 20, Sum: 24]
      [Scan RS (ms): Min: 0.0, Avg: 0.0, Max: 0.0, Diff: 0.0, Sum: 0.0]
      [Code Root Scanning (ms): Min: 0.0, Avg: 2.6, Max: 5.3, Diff: 5.3, Sum: 10.6]
      [Object Copy (ms): Min: 5.5, Avg: 7.2, Max: 11.0, Diff: 5.4, Sum: 28.8]
      [Termination (ms): Min: 0.0, Avg: 0.1, Max: 0.1, Diff: 0.1, Sum: 0.3]
         [Termination Attempts: Min: 1, Avg: 1.0, Max: 1, Diff: 0, Sum: 4]
      [GC Worker Other (ms): Min: 0.0, Avg: 0.0, Max: 0.0, Diff: 0.0, Sum: 0.1]
      [GC Worker Total (ms): Min: 17.5, Avg: 17.6, Max: 17.7, Diff: 0.1, Sum: 70.4]
      [GC Worker End (ms): Min: 33690141.6, Avg: 33690141.6, Max: 33690141.6, Diff: 0.0]
   [Code Root Fixup: 0.2 ms]
   [Code Root Purge: 0.0 ms]
   [Clear CT: 0.0 ms]
   [Other: 10.2 ms]
      [Choose CSet: 0.0 ms]
      [Ref Proc: 0.3 ms]
      [Ref Enq: 0.0 ms]
      [Redirty Cards: 0.1 ms]
      [Humongous Register: 8.5 ms]
      [Humongous Reclaim: 0.0 ms]
      [Free CSet: 0.3 ms]
   [Eden: 48.0M(48.0M)->0.0B(48.0M) Survivors: 3072.0K->3072.0K Heap: 184.9M(1024.0M)->137.0M(1024.0M)]
 [Times: user=0.02 sys=0.03, real=0.02 secs] 
2016-04-27T00:00:22.971-0800: 34730.112: [GC pause (G1 Evacuation Pause) (young), 0.0054768 secs]
   [Parallel Time: 4.1 ms, GC Workers: 4]
      [GC Worker Start (ms): Min: 34730112.5, Avg: 34730112.6, Max: 34730112.6, Diff: 0.1]
      [Ext Root Scanning (ms): Min: 0.7, Avg: 0.7, Max: 0.8, Diff: 0.1, Sum: 2.8]
      [Update RS (ms): Min: 0.6, Avg: 0.9, Max: 1.1, Diff: 0.5, Sum: 3.5]
         [Processed Buffers: Min: 1, Avg: 6.0, Max: 20, Diff: 19, Sum: 24]
      [Scan RS (ms): Min: 0.0, Avg: 0.0, Max: 0.0, Diff: 0.0, Sum: 0.1]
      [Code Root Scanning (ms): Min: 0.0, Avg: 0.2, Max: 0.4, Diff: 0.4, Sum: 0.8]
      [Object Copy (ms): Min: 1.8, Avg: 2.1, Max: 2.2, Diff: 0.4, Sum: 8.5]
      [Termination (ms): Min: 0.0, Avg: 0.0, Max: 0.0, Diff: 0.0, Sum: 0.0]
         [Termination Attempts: Min: 1, Avg: 1.0, Max: 1, Diff: 0, Sum: 4]
      [GC Worker Other (ms): Min: 0.0, Avg: 0.0, Max: 0.0, Diff: 0.0, Sum: 0.1]
      [GC Worker Total (ms): Min: 3.9, Avg: 3.9, Max: 4.0, Diff: 0.1, Sum: 15.7]
      [GC Worker End (ms): Min: 34730116.5, Avg: 34730116.5, Max: 34730116.5, Diff: 0.0]
   [Code Root Fixup: 0.1 ms]
   [Code Root Purge: 0.0 ms]
   [Clear CT: 0.1 ms]
   [Other: 1.2 ms]
      [Choose CSet: 0.0 ms]
      [Ref Proc: 0.2 ms]
      [Ref Enq: 0.0 ms]
      [Redirty Cards: 0.1 ms]
      [Humongous Register: 0.0 ms]
      [Humongous Reclaim: 0.0 ms]
      [Free CSet: 0.1 ms]
   [Eden: 48.0M(48.0M)->0.0B(285.0M) Survivors: 3072.0K->2048.0K Heap: 185.0M(1024.0M)->136.5M(1024.0M)]
 [Times: user=0.02 sys=0.00, real=0.00 secs] 
2016-04-27T02:04:34.244-0800: 40975.116: [GC pause (G1 Evacuation Pause) (young), 0.0313225 secs]
   [Parallel Time: 19.9 ms, GC Workers: 4]
      [GC Worker Start (ms): Min: 40975118.5, Avg: 40975118.7, Max: 40975118.8, Diff: 0.3]
      [Ext Root Scanning (ms): Min: 2.9, Avg: 4.4, Max: 7.6, Diff: 4.7, Sum: 17.5]
      [Update RS (ms): Min: 0.0, Avg: 1.2, Max: 3.1, Diff: 3.1, Sum: 4.9]
         [Processed Buffers: Min: 0, Avg: 7.5, Max: 28, Diff: 28, Sum: 30]
      [Scan RS (ms): Min: 0.0, Avg: 0.1, Max: 0.2, Diff: 0.2, Sum: 0.4]
      [Code Root Scanning (ms): Min: 0.0, Avg: 0.4, Max: 1.6, Diff: 1.6, Sum: 1.6]
      [Object Copy (ms): Min: 10.7, Avg: 12.1, Max: 14.7, Diff: 4.0, Sum: 48.3]
      [Termination (ms): Min: 0.7, Avg: 1.3, Max: 2.0, Diff: 1.3, Sum: 5.1]
         [Termination Attempts: Min: 19, Avg: 41.2, Max: 61, Diff: 42, Sum: 165]
      [GC Worker Other (ms): Min: 0.0, Avg: 0.2, Max: 0.5, Diff: 0.5, Sum: 0.9]
      [GC Worker Total (ms): Min: 19.5, Avg: 19.7, Max: 19.8, Diff: 0.3, Sum: 78.7]
      [GC Worker End (ms): Min: 40975138.3, Avg: 40975138.3, Max: 40975138.4, Diff: 0.0]
   [Code Root Fixup: 0.1 ms]
   [Code Root Purge: 0.0 ms]
   [Clear CT: 1.0 ms]
   [Other: 10.3 ms]
      [Choose CSet: 0.0 ms]
      [Ref Proc: 4.7 ms]
      [Ref Enq: 0.0 ms]
      [Redirty Cards: 0.0 ms]
      [Humongous Register: 2.1 ms]
      [Humongous Reclaim: 0.0 ms]
      [Free CSet: 2.0 ms]
   [Eden: 285.0M(285.0M)->0.0B(48.0M) Survivors: 2048.0K->3072.0K Heap: 421.5M(1024.0M)->137.5M(1024.0M)]
 [Times: user=0.03 sys=0.05, real=0.03 secs] 
2016-04-27T02:22:04.276-0800: 42025.112: [GC pause (G1 Evacuation Pause) (young), 0.0052727 secs]
   [Parallel Time: 4.3 ms, GC Workers: 4]
      [GC Worker Start (ms): Min: 42025112.6, Avg: 42025113.3, Max: 42025113.5, Diff: 0.9]
      [Ext Root Scanning (ms): Min: 0.3, Avg: 0.6, Max: 1.2, Diff: 0.9, Sum: 2.4]
      [Update RS (ms): Min: 0.2, Avg: 0.3, Max: 0.3, Diff: 0.1, Sum: 1.0]
         [Processed Buffers: Min: 1, Avg: 8.0, Max: 25, Diff: 24, Sum: 32]
      [Scan RS (ms): Min: 0.0, Avg: 0.0, Max: 0.0, Diff: 0.0, Sum: 0.0]
      [Code Root Scanning (ms): Min: 0.0, Avg: 0.1, Max: 0.2, Diff: 0.2, Sum: 0.3]
      [Object Copy (ms): Min: 2.6, Avg: 2.6, Max: 2.7, Diff: 0.1, Sum: 10.5]
      [Termination (ms): Min: 0.0, Avg: 0.0, Max: 0.0, Diff: 0.0, Sum: 0.0]
         [Termination Attempts: Min: 1, Avg: 1.0, Max: 1, Diff: 0, Sum: 4]
      [GC Worker Other (ms): Min: 0.0, Avg: 0.0, Max: 0.1, Diff: 0.0, Sum: 0.1]
      [GC Worker Total (ms): Min: 3.3, Avg: 3.6, Max: 4.2, Diff: 0.9, Sum: 14.4]
      [GC Worker End (ms): Min: 42025116.8, Avg: 42025116.9, Max: 42025116.9, Diff: 0.0]
   [Code Root Fixup: 0.1 ms]
   [Code Root Purge: 0.0 ms]
   [Clear CT: 0.0 ms]
   [Other: 0.8 ms]
      [Choose CSet: 0.0 ms]
      [Ref Proc: 0.3 ms]
      [Ref Enq: 0.0 ms]
      [Redirty Cards: 0.1 ms]
      [Humongous Register: 0.2 ms]
      [Humongous Reclaim: 0.0 ms]
      [Free CSet: 0.1 ms]
   [Eden: 48.0M(48.0M)->0.0B(399.0M) Survivors: 3072.0K->3072.0K Heap: 185.5M(1024.0M)->137.3M(1024.0M)]
 [Times: user=0.01 sys=0.00, real=0.01 secs] 
2016-04-27T13:12:48.249-0800: 50760.113: [GC pause (G1 Evacuation Pause) (young), 0.0226229 secs]
   [Parallel Time: 16.8 ms, GC Workers: 4]
      [GC Worker Start (ms): Min: 50760114.6, Avg: 50760114.7, Max: 50760114.9, Diff: 0.2]
      [Ext Root Scanning (ms): Min: 2.9, Avg: 3.9, Max: 6.5, Diff: 3.5, Sum: 15.4]
      [Update RS (ms): Min: 0.0, Avg: 1.4, Max: 2.1, Diff: 2.1, Sum: 5.4]
         [Processed Buffers: Min: 0, Avg: 7.5, Max: 27, Diff: 27, Sum: 30]
      [Scan RS (ms): Min: 0.0, Avg: 0.1, Max: 0.2, Diff: 0.1, Sum: 0.2]
      [Code Root Scanning (ms): Min: 0.0, Avg: 0.2, Max: 0.7, Diff: 0.7, Sum: 0.8]
      [Object Copy (ms): Min: 7.4, Avg: 8.0, Max: 8.4, Diff: 1.0, Sum: 32.0]
      [Termination (ms): Min: 2.3, Avg: 3.0, Max: 3.7, Diff: 1.4, Sum: 12.2]
         [Termination Attempts: Min: 159, Avg: 239.5, Max: 333, Diff: 174, Sum: 958]
      [GC Worker Other (ms): Min: 0.0, Avg: 0.1, Max: 0.1, Diff: 0.1, Sum: 0.3]
      [GC Worker Total (ms): Min: 16.5, Avg: 16.6, Max: 16.7, Diff: 0.2, Sum: 66.4]
      [GC Worker End (ms): Min: 50760131.3, Avg: 50760131.3, Max: 50760131.4, Diff: 0.0]
   [Code Root Fixup: 0.1 ms]
   [Code Root Purge: 0.0 ms]
   [Clear CT: 0.4 ms]
   [Other: 5.3 ms]
      [Choose CSet: 0.0 ms]
      [Ref Proc: 3.0 ms]
      [Ref Enq: 0.0 ms]
      [Redirty Cards: 0.1 ms]
      [Humongous Register: 1.0 ms]
      [Humongous Reclaim: 0.0 ms]
      [Free CSet: 0.6 ms]
   [Eden: 399.0M(399.0M)->0.0B(463.0M) Survivors: 3072.0K->3072.0K Heap: 536.3M(1024.0M)->137.6M(1024.0M)]
 [Times: user=0.03 sys=0.04, real=0.03 secs] 
